// Jest Snapshot v1, https://goo.gl/fbAQLP

exports[`Home should match snapshot 1`] = `
<article
  className="home-cont"
>
  <header
    className="navbar"
  >
    <h1>
      Meetup Matcher
    </h1>
    <NavLink
      activeClassName="active"
      aria-current="page"
      className="form-link login"
      to="/login"
    >
      Login
    </NavLink>
    <NavLink
      activeClassName="active"
      aria-current="page"
      className="form-link signup"
      to="/signup"
    >
      Signup
    </NavLink>
  </header>
  <withRouter(Connect(CitySearch)) />
</article>
`;
