// Jest Snapshot v1, https://goo.gl/fbAQLP

exports[`Questions should match snapshot 1`] = `
<div
  className="question-cont"
>
  <withRouter(Connect(Header)) />
  <form
    className="user-questions"
    onSubmit={[Function]}
  >
    <h2>
      Select your favorite meetup topics
    </h2>
    <label
      htmlFor="traveling"
    >
      <input
        checked={false}
        id="traveling"
        name="traveling"
        onChange={[Function]}
        type="checkbox"
        value={false}
      />
      Traveling
    </label>
    <label
      htmlFor="entrepreneur"
    >
      <input
        checked={false}
        id="entrepreneur"
        name="entrepreneur"
        onChange={[Function]}
        type="checkbox"
        value={false}
      />
      Entrepreneur
    </label>
    <label
      htmlFor="softwareDevs"
    >
      <input
        checked={false}
        id="softwareDevs"
        name="softwareDevs"
        onChange={[Function]}
        type="checkbox"
        value={false}
      />
      Software Developers
    </label>
    <label
      htmlFor="hiking"
    >
      <input
        checked={false}
        id="hiking"
        name="hiking"
        onChange={[Function]}
        type="checkbox"
        value={false}
      />
      Hiking
    </label>
    <label
      htmlFor="photography"
    >
      <input
        checked={false}
        id="photography"
        name="photography"
        onChange={[Function]}
        type="checkbox"
        value={false}
      />
      Photography
    </label>
    <label
      htmlFor="diningout"
    >
      <input
        checked={false}
        id="diningout"
        name="diningout"
        onChange={[Function]}
        type="checkbox"
        value={false}
      />
      Dining Out
    </label>
    <label
      htmlFor="realEstate"
    >
      <input
        checked={false}
        id="realEstate"
        name="realEstate"
        onChange={[Function]}
        type="checkbox"
        value={false}
      />
      Real Estate
    </label>
    <button
      className="question-btn"
    >
      SAVE
    </button>
  </form>
</div>
`;
